startup, version: 4200 linux x64 channel: stable
executable: /tmp/mdglance-manual-a576p_jy/manual-sublime/sublime_text
application: /tmp/mdglance-manual-a576p_jy/manual-sublime
working dir: /home/fruit/dev/MarkdownGlance
packages path: /tmp/mdglance-manual-a576p_jy/manual-sublime/Data/Packages
state path: /tmp/mdglance-manual-a576p_jy/manual-sublime/Data/Local
zip path: /tmp/mdglance-manual-a576p_jy/manual-sublime/Packages
zip path: /tmp/mdglance-manual-a576p_jy/manual-sublime/Data/Installed Packages
ignored_packages: ["Vintage"]
pre session restore time: 0.130346
startup time: 0.206686
first paint time: 0.337919
reloading python 3.3 plugin MarkdownPreview.browser
reloading python 3.3 plugin MarkdownPreview.markdown_preview
reloading plugin Default.arithmetic
reloading plugin Default.auto_indent_tag
reloading plugin Default.block
reloading plugin Default.colors
reloading plugin Default.comment
reloading plugin Default.convert_color_scheme
reloading plugin Default.convert_syntax
reloading plugin Default.copy_path
reloading plugin Default.echo
reloading plugin Default.exec
reloading plugin Default.fold
reloading plugin Default.goto_line
reloading plugin Default.history_list
reloading plugin Default.html_print
reloading plugin Default.indentation
reloading plugin Default.install_package_control
reloading plugin Default.keymap
reloading plugin Default.kill_ring
reloading plugin Default.mark
reloading plugin Default.new_templates
reloading plugin Default.open_context_url
reloading plugin Default.open_in_browser
reloading plugin Default.pane
reloading plugin Default.paragraph
reloading plugin Default.paste_from_history
reloading plugin Default.profile
reloading plugin Default.quick_panel
reloading plugin Default.rename
reloading plugin Default.run_syntax_tests
reloading plugin Default.save_on_focus_lost
reloading plugin Default.scroll
reloading plugin Default.set_unsaved_view_name
reloading plugin Default.settings
reloading plugin Default.show_scope_name
reloading plugin Default.side_bar
reloading plugin Default.sort
reloading plugin Default.switch_file
reloading plugin Default.symbol
reloading plugin Default.transform
reloading plugin Default.transpose
reloading plugin Default.ui
reloading plugin CSS.css_completions
reloading python 3.3 plugin MarkdownPreview.markdown_settings
reloading python 3.3 plugin MarkdownPreview.markdown_wrapper
reloading plugin Diff.diff
reloading plugin HTML.encode_html_entities
reloading plugin HTML.html_completions
reloading plugin Package Control.plugin
reloading plugin MarkdownGlance.plugin
plugins loaded
Package Control: Skipping automatic upgrade, last run at 2026-09-06 14:25:53, next run at 2026-09-06 22:25:53 or after
>>> exec(open('/tmp/mdglance-manual-a576p_jy/prerequisites.py').read())
MANUAL15 {"python": "3.8.12 (default, Mar 28 2024, 15:38:26) \n[Clang 15.0.6 ]", "markdown": ["3.2.2", "/tmp/mdglance-manual-a576p_jy/manual-sublime/Data/Lib/python38/markdown/__init__.py"], "pymdownx": ["8.1.1", "/tmp/mdglance-manual-a576p_jy/manual-sublime/Data/Lib/python38/pymdownx/__init__.py"], "pygments_available": true, "parser_html": "<h1>Coexistence check</h1>\n<pre class=\"highlight\"><code class=\"language-mermaid\">flowchart LR\n    A[MarkdownGlance] --&gt; B[Mermaid diagram]</code></pre>\n\n<pre class=\"highlight\"><code class=\"language-python\">print(\"language class survives\")</code></pre>", "language_python": true, "language_mermaid": true, "pygments": ["2.19.2", "/tmp/mdglance-manual-a576p_jy/manual-sublime/Data/Lib/python38/pygments/__init__.py"]}
>>> 
>>> 
