startup, version: 4200 linux x64 channel: stable
executable: /tmp/mdglance-manual-a576p_jy/sublime/sublime_text
application: /tmp/mdglance-manual-a576p_jy/sublime
working dir: /home/fruit/dev/MarkdownGlance
packages path: /tmp/mdglance-manual-a576p_jy/sublime/Data/Packages
state path: /tmp/mdglance-manual-a576p_jy/sublime/Data/Local
zip path: /tmp/mdglance-manual-a576p_jy/sublime/Packages
zip path: /tmp/mdglance-manual-a576p_jy/sublime/Data/Installed Packages
ignored_packages: ["Vintage"]
generating syntax summary
generating meta info summary
pre session restore time: 1.35033
startup time: 1.4474
first paint time: 1.46743
reloading plugin Default.arithmetic
reloading plugin Default.auto_indent_tag
reloading plugin Default.block
reloading plugin Default.colors
reloading plugin Default.comment
reloading plugin Default.convert_color_scheme
reloading plugin Default.convert_syntax
reloading plugin Default.copy_path
reloading plugin Default.echo
reloading plugin Default.exec
reloading plugin Default.fold
reloading plugin Default.goto_line
reloading plugin Default.history_list
reloading plugin Default.html_print
reloading plugin Default.indentation
reloading plugin Default.install_package_control
reloading plugin Default.keymap
reloading plugin Default.kill_ring
reloading plugin Default.mark
reloading plugin Default.new_templates
reloading plugin Default.open_context_url
reloading plugin Default.open_in_browser
reloading plugin Default.pane
reloading plugin Default.paragraph
reloading plugin Default.paste_from_history
reloading plugin Default.profile
reloading plugin Default.quick_panel
reloading plugin Default.rename
reloading plugin Default.run_syntax_tests
reloading plugin Default.save_on_focus_lost
reloading plugin Default.scroll
reloading plugin Default.set_unsaved_view_name
reloading plugin Default.settings
reloading plugin Default.show_scope_name
reloading plugin Default.side_bar
reloading plugin Default.sort
reloading plugin Default.switch_file
reloading plugin Default.symbol
reloading plugin Default.transform
reloading plugin Default.transpose
reloading plugin Default.ui
reloading plugin CSS.css_completions
reloading plugin Diff.diff
reloading plugin HTML.encode_html_entities
reloading plugin HTML.html_completions
reloading plugin Package Control.plugin
plugins loaded
reloading settings Packages/User/Package Control.sublime-settings
Package Control: All specified packages up-to-date!
reloading settings Packages/User/Package Control.sublime-settings
Package Control: Settings change detected, clearing cache
Package Control: pausing indexer
ignored packages updated to: ["MarkdownGlance", "Vintage"]
reloading settings Packages/User/Package Control.sublime-settings
reloading settings Packages/User/Preferences.sublime-settings
Package Control: Installed package "MarkdownGlance" 2026.09.06.02.00.02
Package Control: Installed library "Markdown" 3.2.2 for Python 3.8
Package Control: Installed library "pymdown-extensions" 8.1.1 for Python 3.8
Package Control: Package MarkdownGlance successfully installed
ignored packages updated to: ["Vintage"]
reloading settings Packages/User/Package Control.sublime-settings
reloading plugin MarkdownGlance.plugin
reloading settings Packages/User/Preferences.sublime-settings
Package Control: resuming indexer
reloading settings Packages/User/Preferences.sublime-settings
>>> exec(open('/tmp/mdglance-manual-a576p_jy/inspect13.py').read())
MANUAL13 3.2.2 /tmp/mdglance-manual-a576p_jy/sublime/Data/Lib/python38/markdown/__init__.py 8.1.1 /tmp/mdglance-manual-a576p_jy/sublime/Data/Lib/python38/pymdownx/__init__.py
>>> exec(open('/tmp/mdglance-manual-a576p_jy/unsaved12.py').read())
>>> exec(open('/tmp/mdglance-manual-a576p_jy/reopen12.py').read())
